diagnostic ms=1000 SPARSE_CLOCK stage=classification status=0 elapsed_ms=0
diagnostic ms=1000 SPARSE_CLOCK stage=promotion status=0 elapsed_ms=0
diagnostic ms=1000 SPARSE_CLOCK stage=native-recovery status=0 elapsed_ms=0
provider_edge seq=1 timestamp=1050 kind=1 id=1 x=240 y=360
ready_changed seq=1 timestamp=1050 contacts=1 id1=(240,360)
dispatch_edge ms=1053 seq=1 timestamp=1050 kind=1 id=1 x=240 y=360
snapshot_at_dispatch seq=1 timestamp=1050 contacts=1 id1=(240,360)
display_submit ms=1062 token=1
display_complete ms=1063 token=1
provider_edge seq=2 timestamp=1075 kind=1 id=2 x=320 y=440
provider_edge seq=3 timestamp=1075 kind=2 id=1 x=285 y=360
ready_changed seq=3 timestamp=1075 contacts=2 id1=(285,360) id2=(320,440)
dispatch_edge ms=1078 seq=2 timestamp=1075 kind=1 id=2 x=320 y=440
snapshot_at_dispatch seq=3 timestamp=1075 contacts=2 id1=(285,360) id2=(320,440)
dispatch_edge ms=1079 seq=3 timestamp=1075 kind=2 id=1 x=285 y=360
snapshot_at_dispatch seq=3 timestamp=1075 contacts=2 id1=(285,360) id2=(320,440)
provider_edge seq=4 timestamp=1100 kind=3 id=2 x=320 y=440
provider_edge seq=5 timestamp=1100 kind=2 id=1 x=320 y=360
ready_changed seq=5 timestamp=1100 contacts=1 id1=(320,360)
dispatch_edge ms=1100 seq=4 timestamp=1100 kind=3 id=2 x=320 y=440
snapshot_at_dispatch seq=5 timestamp=1100 contacts=1 id1=(320,360)
dispatch_edge ms=1101 seq=5 timestamp=1100 kind=2 id=1 x=320 y=360
snapshot_at_dispatch seq=5 timestamp=1100 contacts=1 id1=(320,360)
provider_edge seq=6 timestamp=1125 kind=3 id=1 x=320 y=360
ready_changed seq=6 timestamp=1125 contacts=0
dispatch_edge ms=1126 seq=6 timestamp=1125 kind=3 id=1 x=320 y=360
snapshot_at_dispatch seq=6 timestamp=1125 contacts=0
Sparse foreground foreground PASS (7 grants max, 3 native reads)
Selected Home actual GT911 scenario=15 display=fast launches=0 retained=0 PASS
